127.0.0.1 - - [01/Feb/2020:10:25:58 +0530] "GET / HTTP/1.1" 404 1074
0:0:0:0:0:0:0:1 - - [01/Feb/2020:10:26:16 +0530] "GET /WebApp/home HTTP/1.1" 200 492
0:0:0:0:0:0:0:1 - - [01/Feb/2020:10:26:16 +0530] "GET /favicon.ico HTTP/1.1" 404 1085
0:0:0:0:0:0:0:1 - - [01/Feb/2020:10:26:30 +0530] "GET /WebApp/index.jsp HTTP/1.1" 200 195
127.0.0.1 - - [01/Feb/2020:11:00:32 +0530] "GET / HTTP/1.1" 404 1074
0:0:0:0:0:0:0:1 - - [01/Feb/2020:11:00:48 +0530] "GET /WebApp/index.jsp HTTP/1.1" 200 269
0:0:0:0:0:0:0:1 - - [01/Feb/2020:11:03:12 +0530] "GET /WebApp/index.jsp HTTP/1.1" 200 271
0:0:0:0:0:0:0:1 - - [01/Feb/2020:11:03:52 +0530] "GET /WebApp/index.jsp HTTP/1.1" 200 277
127.0.0.1 - - [01/Feb/2020:11:21:23 +0530] "GET / HTTP/1.1" 404 1074
0:0:0:0:0:0:0:1 - - [01/Feb/2020:11:21:32 +0530] "GET /WebApp/index.jsp HTTP/1.1" 200 357
0:0:0:0:0:0:0:1 - - [01/Feb/2020:11:22:11 +0530] "GET /WebApp/index.jsp HTTP/1.1" 200 357
0:0:0:0:0:0:0:1 - - [01/Feb/2020:11:22:12 +0530] "GET /WebApp/index.jsp HTTP/1.1" 200 357
0:0:0:0:0:0:0:1 - - [01/Feb/2020:11:22:12 +0530] "GET /WebApp/index.jsp HTTP/1.1" 200 357
0:0:0:0:0:0:0:1 - - [01/Feb/2020:11:22:13 +0530] "GET /WebApp/index.jsp HTTP/1.1" 200 357
0:0:0:0:0:0:0:1 - - [01/Feb/2020:11:24:33 +0530] "GET /WebApp/index.jsp HTTP/1.1" 200 357
127.0.0.1 - - [01/Feb/2020:11:30:55 +0530] "GET / HTTP/1.1" 404 1074
0:0:0:0:0:0:0:1 - - [01/Feb/2020:11:31:39 +0530] "GET /WebApp/index.jsp HTTP/1.1" 200 357
127.0.0.1 - - [01/Feb/2020:11:48:45 +0530] "GET / HTTP/1.1" 404 1074
0:0:0:0:0:0:0:1 - - [01/Feb/2020:11:49:18 +0530] "GET /WebApp/forward.jsp HTTP/1.1" 200 77
127.0.0.1 - - [01/Feb/2020:11:53:26 +0530] "GET / HTTP/1.1" 404 1074
0:0:0:0:0:0:0:1 - - [01/Feb/2020:11:53:47 +0530] "GET /WebApp/include.jsp HTTP/1.1" 200 476
127.0.0.1 - - [01/Feb/2020:11:54:44 +0530] "GET / HTTP/1.1" 404 1074
0:0:0:0:0:0:0:1 - - [01/Feb/2020:11:54:49 +0530] "GET /WebApp/include.jsp HTTP/1.1" 200 476
0:0:0:0:0:0:0:1 - - [01/Feb/2020:12:44:51 +0530] "GET /WebApp/include.jsp HTTP/1.1" 200 558
127.0.0.1 - - [01/Feb/2020:12:45:22 +0530] "GET / HTTP/1.1" 404 1074
0:0:0:0:0:0:0:1 - - [01/Feb/2020:12:45:23 +0530] "GET /WebApp/index.jsp HTTP/1.1" 200 433
127.0.0.1 - - [01/Feb/2020:12:51:45 +0530] "GET / HTTP/1.1" 404 1074
0:0:0:0:0:0:0:1 - - [01/Feb/2020:12:52:11 +0530] "GET /WebApp/jsp HTTP/1.1" 404 1047
127.0.0.1 - - [01/Feb/2020:12:53:40 +0530] "GET / HTTP/1.1" 404 1074
0:0:0:0:0:0:0:1 - - [01/Feb/2020:12:53:49 +0530] "GET /WebApp/jsp HTTP/1.1" 404 1047
127.0.0.1 - - [01/Feb/2020:12:54:07 +0530] "GET / HTTP/1.1" 404 1074
127.0.0.1 - - [01/Feb/2020:12:54:58 +0530] "GET / HTTP/1.1" 404 1074
0:0:0:0:0:0:0:1 - - [01/Feb/2020:12:55:07 +0530] "GET /WebApp/jsp HTTP/1.1" 200 433
127.0.0.1 - - [01/Feb/2020:13:10:50 +0530] "GET / HTTP/1.1" 404 1074
0:0:0:0:0:0:0:1 - - [01/Feb/2020:13:11:10 +0530] "GET /WebApp/error.jsp HTTP/1.1" 200 95
127.0.0.1 - - [01/Feb/2020:13:15:40 +0530] "GET / HTTP/1.1" 404 1074
0:0:0:0:0:0:0:1 - - [01/Feb/2020:13:15:51 +0530] "GET /WebApp/error.jsp HTTP/1.1" 200 294
0:0:0:0:0:0:0:1 - - [01/Feb/2020:13:16:29 +0530] "GET /WebApp/error.jsp HTTP/1.1" 200 323
0:0:0:0:0:0:0:1 - - [01/Feb/2020:13:16:30 +0530] "GET /WebApp/error.jsp HTTP/1.1" 304 -
0:0:0:0:0:0:0:1 - - [01/Feb/2020:13:16:30 +0530] "GET /WebApp/error.jsp HTTP/1.1" 304 -
127.0.0.1 - - [01/Feb/2020:13:16:43 +0530] "GET / HTTP/1.1" 404 1074
0:0:0:0:0:0:0:1 - - [01/Feb/2020:13:17:12 +0530] "GET /WebApp/error.jsp HTTP/1.1" 304 -
0:0:0:0:0:0:0:1 - - [01/Feb/2020:13:17:13 +0530] "GET /WebApp/error.jsp HTTP/1.1" 304 -
0:0:0:0:0:0:0:1 - - [01/Feb/2020:13:17:14 +0530] "GET /WebApp/error.jsp HTTP/1.1" 304 -
0:0:0:0:0:0:0:1 - - [01/Feb/2020:13:17:14 +0530] "GET /WebApp/error.jsp HTTP/1.1" 304 -
0:0:0:0:0:0:0:1 - - [01/Feb/2020:13:17:15 +0530] "GET /WebApp/error.jsp HTTP/1.1" 304 -
0:0:0:0:0:0:0:1 - - [01/Feb/2020:13:17:16 +0530] "GET /WebApp/error.jsp HTTP/1.1" 304 -
127.0.0.1 - - [01/Feb/2020:13:18:23 +0530] "GET / HTTP/1.1" 404 1074
0:0:0:0:0:0:0:1 - - [01/Feb/2020:13:19:35 +0530] "GET /WebApp/index.jsp HTTP/1.1" 200 970
0:0:0:0:0:0:0:1 - - [01/Feb/2020:13:24:16 +0530] "GET /WebApp/error HTTP/1.1" 404 1090
0:0:0:0:0:0:0:1 - - [01/Feb/2020:13:24:36 +0530] "GET /WebApp/error.jsp HTTP/1.1" 304 -
127.0.0.1 - - [01/Feb/2020:13:26:07 +0530] "GET / HTTP/1.1" 404 1074
0:0:0:0:0:0:0:1 - - [01/Feb/2020:13:26:22 +0530] "GET /WebApp/error.jsp HTTP/1.1" 200 296
0:0:0:0:0:0:0:1 - - [01/Feb/2020:13:26:57 +0530] "GET /WebApp/error.jsp HTTP/1.1" 200 324
0:0:0:0:0:0:0:1 - - [01/Feb/2020:13:28:05 +0530] "GET /WebApp/index.jsp HTTP/1.1" 200 1001
127.0.0.1 - - [01/Feb/2020:13:28:39 +0530] "GET / HTTP/1.1" 404 1074
0:0:0:0:0:0:0:1 - - [01/Feb/2020:13:28:47 +0530] "GET /WebApp/index.jsp HTTP/1.1" 304 -
0:0:0:0:0:0:0:1 - - [01/Feb/2020:13:28:48 +0530] "GET /WebApp/index.jsp HTTP/1.1" 304 -
0:0:0:0:0:0:0:1 - - [01/Feb/2020:13:28:48 +0530] "GET /WebApp/index.jsp HTTP/1.1" 304 -
0:0:0:0:0:0:0:1 - - [01/Feb/2020:13:28:49 +0530] "GET /WebApp/index.jsp HTTP/1.1" 304 -
0:0:0:0:0:0:0:1 - - [01/Feb/2020:13:29:20 +0530] "GET /WebApp/index.jsp HTTP/1.1" 304 -
0:0:0:0:0:0:0:1 - - [01/Feb/2020:13:29:21 +0530] "GET /WebApp/index.jsp HTTP/1.1" 304 -
0:0:0:0:0:0:0:1 - - [01/Feb/2020:13:29:21 +0530] "GET /WebApp/index.jsp HTTP/1.1" 304 -
127.0.0.1 - - [01/Feb/2020:13:29:33 +0530] "GET / HTTP/1.1" 404 1074
0:0:0:0:0:0:0:1 - - [01/Feb/2020:13:29:42 +0530] "GET /WebApp/index.jsp HTTP/1.1" 304 -
0:0:0:0:0:0:0:1 - - [01/Feb/2020:13:29:42 +0530] "GET /WebApp/index.jsp HTTP/1.1" 304 -
0:0:0:0:0:0:0:1 - - [01/Feb/2020:13:29:43 +0530] "GET /WebApp/index.jsp HTTP/1.1" 304 -
0:0:0:0:0:0:0:1 - - [01/Feb/2020:13:29:43 +0530] "GET /WebApp/index.jsp HTTP/1.1" 304 -
0:0:0:0:0:0:0:1 - - [01/Feb/2020:13:29:43 +0530] "GET /WebApp/index.jsp HTTP/1.1" 304 -
0:0:0:0:0:0:0:1 - - [01/Feb/2020:13:29:44 +0530] "GET /WebApp/index.jsp HTTP/1.1" 304 -
0:0:0:0:0:0:0:1 - - [01/Feb/2020:13:29:44 +0530] "GET /WebApp/index.jsp HTTP/1.1" 304 -
0:0:0:0:0:0:0:1 - - [01/Feb/2020:13:29:49 +0530] "GET /WebApp/index.jsp HTTP/1.1" 304 -
0:0:0:0:0:0:0:1 - - [01/Feb/2020:13:29:50 +0530] "GET /WebApp/index.jsp HTTP/1.1" 304 -
0:0:0:0:0:0:0:1 - - [01/Feb/2020:13:29:50 +0530] "GET /WebApp/index.jsp HTTP/1.1" 304 -
0:0:0:0:0:0:0:1 - - [01/Feb/2020:13:29:50 +0530] "GET /WebApp/index.jsp HTTP/1.1" 304 -
0:0:0:0:0:0:0:1 - - [01/Feb/2020:13:29:51 +0530] "GET /WebApp/index.jsp HTTP/1.1" 304 -
127.0.0.1 - - [01/Feb/2020:13:30:14 +0530] "GET / HTTP/1.1" 404 1074
127.0.0.1 - - [01/Feb/2020:13:30:40 +0530] "GET / HTTP/1.1" 404 1074
0:0:0:0:0:0:0:1 - - [01/Feb/2020:13:30:50 +0530] "GET /WebApp/index.jsp HTTP/1.1" 304 -
0:0:0:0:0:0:0:1 - - [01/Feb/2020:13:30:51 +0530] "GET /WebApp/index.jsp HTTP/1.1" 304 -
0:0:0:0:0:0:0:1 - - [01/Feb/2020:13:30:52 +0530] "GET /WebApp/index.jsp HTTP/1.1" 304 -
0:0:0:0:0:0:0:1 - - [01/Feb/2020:13:30:52 +0530] "GET /WebApp/index.jsp HTTP/1.1" 304 -
0:0:0:0:0:0:0:1 - - [01/Feb/2020:13:31:43 +0530] "GET /WebApp/index.jsp HTTP/1.1" 304 -
0:0:0:0:0:0:0:1 - - [01/Feb/2020:13:31:45 +0530] "GET /WebApp/index.jsp HTTP/1.1" 304 -
0:0:0:0:0:0:0:1 - - [01/Feb/2020:13:31:47 +0530] "GET /WebApp/index.jsp HTTP/1.1" 304 -
0:0:0:0:0:0:0:1 - - [01/Feb/2020:13:32:50 +0530] "GET /WebApp/forward.jsp HTTP/1.1" 200 282
0:0:0:0:0:0:0:1 - - [01/Feb/2020:13:33:21 +0530] "GET /WebApp/include.jsp HTTP/1.1" 200 282
0:0:0:0:0:0:0:1 - - [01/Feb/2020:13:33:32 +0530] "GET /WebApp/index.jsp HTTP/1.1" 304 -
0:0:0:0:0:0:0:1 - - [01/Feb/2020:13:33:35 +0530] "GET /WebApp/jsp HTTP/1.1" 500 2399
0:0:0:0:0:0:0:1 - - [01/Feb/2020:13:33:41 +0530] "GET /WebApp/error.jsp HTTP/1.1" 200 307
0:0:0:0:0:0:0:1 - - [01/Feb/2020:13:33:44 +0530] "GET /WebApp/index.jsp HTTP/1.1" 304 -
0:0:0:0:0:0:0:1 - - [01/Feb/2020:13:34:48 +0530] "GET /WebApp/index.jsp HTTP/1.1" 200 992
0:0:0:0:0:0:0:1 - - [01/Feb/2020:13:34:49 +0530] "GET /WebApp/index.jsp HTTP/1.1" 304 -
0:0:0:0:0:0:0:1 - - [01/Feb/2020:13:34:49 +0530] "GET /WebApp/index.jsp HTTP/1.1" 304 -
0:0:0:0:0:0:0:1 - - [01/Feb/2020:13:34:49 +0530] "GET /WebApp/index.jsp HTTP/1.1" 304 -
0:0:0:0:0:0:0:1 - - [01/Feb/2020:13:34:52 +0530] "GET /WebApp/forward.jsp HTTP/1.1" 304 -
127.0.0.1 - - [01/Feb/2020:13:35:31 +0530] "GET / HTTP/1.1" 404 1074
0:0:0:0:0:0:0:1 - - [01/Feb/2020:13:35:44 +0530] "GET /WebApp/forward.jsp HTTP/1.1" 200 77
0:0:0:0:0:0:0:1 - - [01/Feb/2020:13:35:48 +0530] "GET /WebApp/index.jsp HTTP/1.1" 200 166
0:0:0:0:0:0:0:1 - - [01/Feb/2020:13:35:52 +0530] "GET /WebApp/include.jsp HTTP/1.1" 200 166
0:0:0:0:0:0:0:1 - - [01/Feb/2020:13:35:57 +0530] "GET /WebApp/index.jsp HTTP/1.1" 200 166
0:0:0:0:0:0:0:1 - - [01/Feb/2020:13:36:01 +0530] "GET /WebApp/jsp HTTP/1.1" 404 1088
0:0:0:0:0:0:0:1 - - [01/Feb/2020:13:36:09 +0530] "GET /WebApp/error.jsp HTTP/1.1" 200 166
127.0.0.1 - - [01/Feb/2020:13:41:05 +0530] "GET / HTTP/1.1" 404 1074
0:0:0:0:0:0:0:1 - - [01/Feb/2020:13:41:30 +0530] "GET /WebApp/include.jsp HTTP/1.1" 200 166
127.0.0.1 - - [01/Feb/2020:13:41:46 +0530] "GET / HTTP/1.1" 404 1074
0:0:0:0:0:0:0:1 - - [01/Feb/2020:13:41:52 +0530] "GET /WebApp/include.jsp HTTP/1.1" 200 166
0:0:0:0:0:0:0:1 - - [01/Feb/2020:13:41:58 +0530] "GET /WebApp/index.jsp HTTP/1.1" 200 166
0:0:0:0:0:0:0:1 - - [01/Feb/2020:13:49:28 +0530] "GET /WebApp/index.jsp HTTP/1.1" 200 166
0:0:0:0:0:0:0:1 - - [01/Feb/2020:13:51:26 +0530] "GET /WebApp/forward.jsp HTTP/1.1" 200 77
0:0:0:0:0:0:0:1 - - [01/Feb/2020:13:53:39 +0530] "GET /WebApp/include.jsp HTTP/1.1" 200 166
0:0:0:0:0:0:0:1 - - [01/Feb/2020:13:55:28 +0530] "GET /WebApp/include.jsp HTTP/1.1" 200 166
