127.0.0.1 - - [03/Feb/2020:12:46:02 +0530] "GET / HTTP/1.1" 404 1074
0:0:0:0:0:0:0:1 - - [03/Feb/2020:12:47:04 +0530] "GET /WebApp/home HTTP/1.1" 404 1089
0:0:0:0:0:0:0:1 - - [03/Feb/2020:12:47:04 +0530] "GET /favicon.ico HTTP/1.1" 404 1085
0:0:0:0:0:0:0:1 - - [03/Feb/2020:12:47:28 +0530] "GET /spring-mvc/hello HTTP/1.1" 404 1047
127.0.0.1 - - [03/Feb/2020:12:49:45 +0530] "GET / HTTP/1.1" 404 1074
0:0:0:0:0:0:0:1 - - [03/Feb/2020:12:50:07 +0530] "GET /spring-mvc/hello HTTP/1.1" 404 1047
127.0.0.1 - - [03/Feb/2020:12:50:49 +0530] "GET / HTTP/1.1" 404 1074
0:0:0:0:0:0:0:1 - - [03/Feb/2020:12:51:45 +0530] "GET /spring-mvc/hello HTTP/1.1" 404 1047
0:0:0:0:0:0:0:1 - - [03/Feb/2020:12:54:35 +0530] "GET /spring-mvc/hello HTTP/1.1" 404 1047
127.0.0.1 - - [03/Feb/2020:12:55:48 +0530] "GET / HTTP/1.1" 404 1074
0:0:0:0:0:0:0:1 - - [03/Feb/2020:12:55:54 +0530] "GET /spring-mvc/hello HTTP/1.1" 404 1047
0:0:0:0:0:0:0:1 - - [03/Feb/2020:12:55:57 +0530] "GET /spring-mvc/hello HTTP/1.1" 404 1047
0:0:0:0:0:0:0:1 - - [03/Feb/2020:12:55:58 +0530] "GET /spring-mvc/hello HTTP/1.1" 404 1047
0:0:0:0:0:0:0:1 - - [03/Feb/2020:12:55:58 +0530] "GET /spring-mvc/hello HTTP/1.1" 404 1047
127.0.0.1 - - [03/Feb/2020:12:56:16 +0530] "GET / HTTP/1.1" 404 1074
127.0.0.1 - - [03/Feb/2020:12:56:43 +0530] "GET / HTTP/1.1" 404 1074
0:0:0:0:0:0:0:1 - - [03/Feb/2020:12:56:55 +0530] "GET /spring-mvc/hello HTTP/1.1" 404 1047
127.0.0.1 - - [03/Feb/2020:13:01:55 +0530] "GET / HTTP/1.1" 404 1074
0:0:0:0:0:0:0:1 - - [03/Feb/2020:13:02:05 +0530] "GET /spring-mvc/hello HTTP/1.1" 404 1047
0:0:0:0:0:0:0:1 - - [03/Feb/2020:13:03:37 +0530] "GET /spring-mvc/hello HTTP/1.1" 404 1047
0:0:0:0:0:0:0:1 - - [03/Feb/2020:13:03:39 +0530] "GET /spring-mvc/hello HTTP/1.1" 404 1047
0:0:0:0:0:0:0:1 - - [03/Feb/2020:13:03:39 +0530] "GET /spring-mvc/hello HTTP/1.1" 404 1047
127.0.0.1 - - [03/Feb/2020:13:03:56 +0530] "GET / HTTP/1.1" 404 1074
0:0:0:0:0:0:0:1 - - [03/Feb/2020:13:04:08 +0530] "GET /spring-mvc/hello HTTP/1.1" 200 64
127.0.0.1 - - [03/Feb/2020:14:54:25 +0530] "GET / HTTP/1.1" 404 1074
0:0:0:0:0:0:0:1 - - [03/Feb/2020:15:03:56 +0530] "GET /WebApp/Form.html HTTP/1.1" 404 1094
0:0:0:0:0:0:0:1 - - [03/Feb/2020:15:03:56 +0530] "GET /favicon.ico HTTP/1.1" 404 1085
0:0:0:0:0:0:0:1 - - [03/Feb/2020:15:05:08 +0530] "GET /spring-mvc/query?name=prince%20&%20age%20=50 HTTP/1.1" 400 1200
127.0.0.1 - - [03/Feb/2020:15:05:31 +0530] "GET / HTTP/1.1" 404 1074
0:0:0:0:0:0:0:1 - - [03/Feb/2020:15:06:17 +0530] "GET /spring-mvc/query?name=prince&age=50 HTTP/1.1" 200 162
0:0:0:0:0:0:0:1 - - [03/Feb/2020:15:13:03 +0530] "GET /spring-mvc/query?name=prince&age=24 HTTP/1.1" 200 162
0:0:0:0:0:0:0:1 - - [03/Feb/2020:15:18:20 +0530] "GET /spring-mvc/query?name=prince&age=24 HTTP/1.1" 200 162
0:0:0:0:0:0:0:1 - - [03/Feb/2020:15:18:23 +0530] "GET /spring-mvc/query HTTP/1.1" 500 4438
0:0:0:0:0:0:0:1 - - [03/Feb/2020:15:22:39 +0530] "GET /spring-mvc/query HTTP/1.1" 200 154
127.0.0.1 - - [03/Feb/2020:15:48:36 +0530] "GET / HTTP/1.1" 404 1074
0:0:0:0:0:0:0:1 - - [03/Feb/2020:15:48:59 +0530] "GET /spring-mvc/form HTTP/1.1" 200 641
0:0:0:0:0:0:0:1 - - [03/Feb/2020:15:50:32 +0530] "POST /spring-mvc/form HTTP/1.1" 200 253
127.0.0.1 - - [03/Feb/2020:16:08:31 +0530] "GET / HTTP/1.1" 404 1074
0:0:0:0:0:0:0:1 - - [03/Feb/2020:16:09:14 +0530] "GET /spring-mvc/form HTTP/1.1" 200 663
0:0:0:0:0:0:0:1 - - [03/Feb/2020:16:09:29 +0530] "POST /spring-mvc/form HTTP/1.1" 200 264
0:0:0:0:0:0:0:1 - - [03/Feb/2020:16:17:19 +0530] "POST /spring-mvc/form HTTP/1.1" 200 264
0:0:0:0:0:0:0:1 - - [03/Feb/2020:16:17:25 +0530] "GET /spring-mvc/form HTTP/1.1" 200 661
0:0:0:0:0:0:0:1 - - [03/Feb/2020:16:17:33 +0530] "POST /spring-mvc/form HTTP/1.1" 200 260
127.0.0.1 - - [03/Feb/2020:16:18:06 +0530] "GET / HTTP/1.1" 404 1074
0:0:0:0:0:0:0:1 - - [03/Feb/2020:16:18:15 +0530] "GET /spring-mvc/form HTTP/1.1" 200 661
0:0:0:0:0:0:0:1 - - [03/Feb/2020:16:18:23 +0530] "POST /spring-mvc/form HTTP/1.1" 200 249
0:0:0:0:0:0:0:1 - - [03/Feb/2020:16:33:56 +0530] "GET /spring-mvc/path HTTP/1.1" 404 1047
0:0:0:0:0:0:0:1 - - [03/Feb/2020:16:34:22 +0530] "GET /spring-mvc/path/vinay HTTP/1.1" 200 141
127.0.0.1 - - [03/Feb/2020:17:21:37 +0530] "GET / HTTP/1.1" 404 1074
0:0:0:0:0:0:0:1 - - [03/Feb/2020:17:22:53 +0530] "GET /spring-mvc/create-cookie HTTP/1.1" 500 4289
0:0:0:0:0:0:0:1 - - [03/Feb/2020:17:23:18 +0530] "GET /spring-mvc/create-cookie HTTP/1.1" 500 4289
127.0.0.1 - - [03/Feb/2020:17:23:32 +0530] "GET / HTTP/1.1" 404 1074
0:0:0:0:0:0:0:1 - - [03/Feb/2020:17:23:39 +0530] "GET /spring-mvc/create-cookie HTTP/1.1" 200 152
0:0:0:0:0:0:0:1 - - [03/Feb/2020:17:30:39 +0530] "GET /spring-mvc/read-cookie HTTP/1.1" 200 157
0:0:0:0:0:0:0:1 - - [03/Feb/2020:17:35:52 +0530] "GET /spring-mvc/read-cookie HTTP/1.1" 200 148
0:0:0:0:0:0:0:1 - - [03/Feb/2020:17:36:10 +0530] "GET /spring-mvc/create-cookie HTTP/1.1" 200 152
0:0:0:0:0:0:0:1 - - [03/Feb/2020:17:36:13 +0530] "GET /spring-mvc/read-cookie HTTP/1.1" 200 157
0:0:0:0:0:0:0:1 - - [03/Feb/2020:17:42:29 +0530] "GET /spring-mvc/forward HTTP/1.1" 404 1149
127.0.0.1 - - [03/Feb/2020:17:42:43 +0530] "GET / HTTP/1.1" 404 1074
0:0:0:0:0:0:0:1 - - [03/Feb/2020:17:42:48 +0530] "GET /spring-mvc/forward HTTP/1.1" 404 1149
127.0.0.1 - - [03/Feb/2020:17:44:58 +0530] "GET / HTTP/1.1" 404 1074
0:0:0:0:0:0:0:1 - - [03/Feb/2020:17:45:08 +0530] "GET /spring-mvc/redirect HTTP/1.1" 302 -
0:0:0:0:0:0:0:1 - - [03/Feb/2020:17:45:42 +0530] "GET /spring-mvc/forward HTTP/1.1" 404 1149
0:0:0:0:0:0:0:1 - - [03/Feb/2020:17:51:30 +0530] "GET /spring-mvc/forward HTTP/1.1" 404 1149
0:0:0:0:0:0:0:1 - - [03/Feb/2020:17:51:33 +0530] "GET /spring-mvc/forward HTTP/1.1" 404 1149
0:0:0:0:0:0:0:1 - - [03/Feb/2020:17:51:34 +0530] "GET /spring-mvc/forward HTTP/1.1" 404 1149
0:0:0:0:0:0:0:1 - - [03/Feb/2020:17:51:34 +0530] "GET /spring-mvc/forward HTTP/1.1" 404 1149
0:0:0:0:0:0:0:1 - - [03/Feb/2020:17:51:34 +0530] "GET /spring-mvc/forward HTTP/1.1" 404 1149
0:0:0:0:0:0:0:1 - - [03/Feb/2020:17:51:52 +0530] "GET /spring-mvc/hello HTTP/1.1" 404 1149
0:0:0:0:0:0:0:1 - - [03/Feb/2020:17:51:54 +0530] "GET /spring-mvc/hello HTTP/1.1" 404 1149
0:0:0:0:0:0:0:1 - - [03/Feb/2020:17:51:58 +0530] "GET /spring-mvc/hello HTTP/1.1" 404 1149
0:0:0:0:0:0:0:1 - - [03/Feb/2020:17:52:01 +0530] "GET /spring-mvc/hello HTTP/1.1" 404 1149
127.0.0.1 - - [03/Feb/2020:17:52:53 +0530] "GET / HTTP/1.1" 404 1074
0:0:0:0:0:0:0:1 - - [03/Feb/2020:17:53:07 +0530] "GET /spring-mvc/hello HTTP/1.1" 404 1149
0:0:0:0:0:0:0:1 - - [03/Feb/2020:17:53:23 +0530] "GET /spring-mvc/query HTTP/1.1" 200 154
0:0:0:0:0:0:0:1 - - [03/Feb/2020:17:53:39 +0530] "GET /spring-mvc/path/princ HTTP/1.1" 200 141
127.0.0.1 - - [03/Feb/2020:17:55:03 +0530] "GET / HTTP/1.1" 404 1074
0:0:0:0:0:0:0:1 - - [03/Feb/2020:17:55:12 +0530] "GET /spring-mvc/hello HTTP/1.1" 404 1149
0:0:0:0:0:0:0:1 - - [03/Feb/2020:18:00:07 +0530] "GET /spring-mvc/forward HTTP/1.1" 200 135
0:0:0:0:0:0:0:1 - - [03/Feb/2020:18:01:29 +0530] "GET /spring-mvc/forward HTTP/1.1" 200 86
0:0:0:0:0:0:0:1 - - [03/Feb/2020:18:01:48 +0530] "GET /spring-mvc/hello HTTP/1.1" 200 133
0:0:0:0:0:0:0:1 - - [03/Feb/2020:18:02:46 +0530] "GET /spring-mvc/hello HTTP/1.1" 200 135
