127.0.0.1 - - [25/Jan/2020:10:23:05 +0530] "GET / HTTP/1.1" 404 1074
0:0:0:0:0:0:0:1 - - [25/Jan/2020:10:23:16 +0530] "GET /WebApp/Form.html HTTP/1.1" 304 -
0:0:0:0:0:0:0:1 - - [25/Jan/2020:10:23:17 +0530] "GET /favicon.ico HTTP/1.1" 404 1085
0:0:0:0:0:0:0:1 - - [25/Jan/2020:10:23:20 +0530] "GET /WebApp//life-cycle HTTP/1.1" 200 44
0:0:0:0:0:0:0:1 - - [25/Jan/2020:10:23:35 +0530] "GET /WebApp//life/cycle HTTP/1.1" 200 44
0:0:0:0:0:0:0:1 - - [25/Jan/2020:10:23:44 +0530] "GET /WebApp/life/cycle HTTP/1.1" 200 44
0:0:0:0:0:0:0:1 - - [25/Jan/2020:10:23:57 +0530] "GET /WebApp/life-cycle.html HTTP/1.1" 200 44
0:0:0:0:0:0:0:1 - - [25/Jan/2020:10:24:08 +0530] "GET /WebApp/lifecycle.html HTTP/1.1" 404 1099
0:0:0:0:0:0:0:1 - - [25/Jan/2020:10:24:16 +0530] "GET /WebApp/life-cycle.html HTTP/1.1" 200 44
0:0:0:0:0:0:0:1 - - [25/Jan/2020:10:26:11 +0530] "GET /WebApp/jhhkhk.php HTTP/1.1" 200 44
127.0.0.1 - - [25/Jan/2020:10:37:01 +0530] "GET / HTTP/1.1" 404 1074
0:0:0:0:0:0:0:1 - - [25/Jan/2020:10:37:31 +0530] "GET /WebApp/forward HTTP/1.1" 200 77
0:0:0:0:0:0:0:1 - - [25/Jan/2020:10:39:17 +0530] "GET /WebApp/forward HTTP/1.1" 404 1114
0:0:0:0:0:0:0:1 - - [25/Jan/2020:10:39:45 +0530] "GET /WebApp/forward HTTP/1.1" 404 1099
0:0:0:0:0:0:0:1 - - [25/Jan/2020:10:46:36 +0530] "GET /WebApp/include HTTP/1.1" 404 1092
127.0.0.1 - - [25/Jan/2020:10:47:08 +0530] "GET / HTTP/1.1" 404 1074
0:0:0:0:0:0:0:1 - - [25/Jan/2020:10:47:12 +0530] "GET /WebApp/include HTTP/1.1" 200 136
0:0:0:0:0:0:0:1 - - [25/Jan/2020:10:52:14 +0530] "GET /WebApp/include HTTP/1.1" 200 136
0:0:0:0:0:0:0:1 - - [25/Jan/2020:10:54:24 +0530] "GET /WebApp/include HTTP/1.1" 200 136
0:0:0:0:0:0:0:1 - - [25/Jan/2020:10:55:08 +0530] "GET /WebApp/include HTTP/1.1" 500 136
0:0:0:0:0:0:0:1 - - [25/Jan/2020:10:56:00 +0530] "GET /WebApp/include HTTP/1.1" 500 136
0:0:0:0:0:0:0:1 - - [25/Jan/2020:10:56:01 +0530] "GET /WebApp/include HTTP/1.1" 500 136
0:0:0:0:0:0:0:1 - - [25/Jan/2020:10:56:02 +0530] "GET /WebApp/include HTTP/1.1" 500 136
127.0.0.1 - - [25/Jan/2020:10:56:34 +0530] "GET / HTTP/1.1" 404 1074
0:0:0:0:0:0:0:1 - - [25/Jan/2020:10:56:39 +0530] "GET /WebApp/include HTTP/1.1" 500 136
0:0:0:0:0:0:0:1 - - [25/Jan/2020:10:57:04 +0530] "GET /WebApp/include HTTP/1.1" 500 81
0:0:0:0:0:0:0:1 - - [25/Jan/2020:11:10:12 +0530] "GET /WebApp/redirect HTTP/1.1" 404 1093
0:0:0:0:0:0:0:1 - - [25/Jan/2020:11:10:36 +0530] "GET /WebApp/redirect HTTP/1.1" 404 1093
127.0.0.1 - - [25/Jan/2020:11:11:48 +0530] "GET / HTTP/1.1" 404 1074
0:0:0:0:0:0:0:1 - - [25/Jan/2020:11:11:59 +0530] "GET /WebApp/redirect HTTP/1.1" 302 -
0:0:0:0:0:0:0:1 - - [25/Jan/2020:11:13:36 +0530] "GET /WebApp/include HTTP/1.1" 200 136
0:0:0:0:0:0:0:1 - - [25/Jan/2020:11:13:46 +0530] "GET /WebApp/redirect HTTP/1.1" 302 -
0:0:0:0:0:0:0:1 - - [25/Jan/2020:11:48:03 +0530] "GET /WebApp/cookie-create HTTP/1.1" 404 1098
0:0:0:0:0:0:0:1 - - [25/Jan/2020:11:48:30 +0530] "GET /WebApp/craete-cookie HTTP/1.1" 404 1098
0:0:0:0:0:0:0:1 - - [25/Jan/2020:11:48:41 +0530] "GET /WebApp/create-cookie HTTP/1.1" 404 1098
0:0:0:0:0:0:0:1 - - [25/Jan/2020:11:48:44 +0530] "GET /WebApp/create-cookie HTTP/1.1" 404 1098
127.0.0.1 - - [25/Jan/2020:11:49:00 +0530] "GET / HTTP/1.1" 404 1074
0:0:0:0:0:0:0:1 - - [25/Jan/2020:11:49:06 +0530] "GET /WebApp/create-cookie HTTP/1.1" 500 2055
127.0.0.1 - - [25/Jan/2020:11:53:00 +0530] "GET / HTTP/1.1" 404 1074
0:0:0:0:0:0:0:1 - - [25/Jan/2020:11:53:18 +0530] "GET /WebApp/craete-cookie HTTP/1.1" 404 1098
0:0:0:0:0:0:0:1 - - [25/Jan/2020:11:53:19 +0530] "GET /WebApp/craete-cookie HTTP/1.1" 404 1098
0:0:0:0:0:0:0:1 - - [25/Jan/2020:11:53:20 +0530] "GET /WebApp/craete-cookie HTTP/1.1" 404 1098
0:0:0:0:0:0:0:1 - - [25/Jan/2020:11:53:20 +0530] "GET /WebApp/craete-cookie HTTP/1.1" 404 1098
0:0:0:0:0:0:0:1 - - [25/Jan/2020:11:53:23 +0530] "GET /WebApp/craete-cookie HTTP/1.1" 404 1098
127.0.0.1 - - [25/Jan/2020:11:53:35 +0530] "GET / HTTP/1.1" 404 1074
0:0:0:0:0:0:0:1 - - [25/Jan/2020:11:53:45 +0530] "GET /WebApp/create-cookie HTTP/1.1" 200 51
0:0:0:0:0:0:0:1 - - [25/Jan/2020:11:57:18 +0530] "GET /WebApp/create-cookie HTTP/1.1" 200 51
0:0:0:0:0:0:0:1 - - [25/Jan/2020:11:57:51 +0530] "GET /WebApp/create-cookie HTTP/1.1" 200 51
127.0.0.1 - - [25/Jan/2020:12:00:12 +0530] "GET / HTTP/1.1" 404 1074
0:0:0:0:0:0:0:1 - - [25/Jan/2020:12:00:22 +0530] "GET /WebApp/create-cookie HTTP/1.1" 200 51
0:0:0:0:0:0:0:1 - - [25/Jan/2020:12:01:02 +0530] "GET /WebApp/create-cookie HTTP/1.1" 200 53
127.0.0.1 - - [25/Jan/2020:12:02:56 +0530] "GET / HTTP/1.1" 404 1074
0:0:0:0:0:0:0:1 - - [25/Jan/2020:12:03:03 +0530] "GET /WebApp/create-cookie HTTP/1.1" 200 53
127.0.0.1 - - [25/Jan/2020:12:13:26 +0530] "GET / HTTP/1.1" 404 1074
0:0:0:0:0:0:0:1 - - [25/Jan/2020:12:13:35 +0530] "GET /WebApp/create-cookie HTTP/1.1" 200 51
127.0.0.1 - - [25/Jan/2020:12:14:36 +0530] "GET / HTTP/1.1" 404 1074
0:0:0:0:0:0:0:1 - - [25/Jan/2020:12:14:46 +0530] "GET /WebApp/create-cookie HTTP/1.1" 200 51
0:0:0:0:0:0:0:1 - - [25/Jan/2020:12:16:19 +0530] "GET /WebApp/read-cookie HTTP/1.1" 404 1096
127.0.0.1 - - [25/Jan/2020:12:16:36 +0530] "GET / HTTP/1.1" 404 1074
0:0:0:0:0:0:0:1 - - [25/Jan/2020:12:17:18 +0530] "GET /WebApp/read-cookie HTTP/1.1" 404 1096
0:0:0:0:0:0:0:1 - - [25/Jan/2020:12:18:36 +0530] "GET /WebApp/read-cookie HTTP/1.1" 404 1096
0:0:0:0:0:0:0:1 - - [25/Jan/2020:12:18:47 +0530] "GET /WebApp/read-cookie HTTP/1.1" 404 1096
127.0.0.1 - - [25/Jan/2020:12:21:16 +0530] "GET / HTTP/1.1" 404 1074
0:0:0:0:0:0:0:1 - - [25/Jan/2020:12:21:46 +0530] "GET /WebApp/read-cookie HTTP/1.1" 200 136
127.0.0.1 - - [25/Jan/2020:13:03:51 +0530] "GET / HTTP/1.1" 404 1074
0:0:0:0:0:0:0:1 - - [25/Jan/2020:13:04:45 +0530] "GET /WebApp/create-cookie HTTP/1.1" 200 51
0:0:0:0:0:0:0:1 - - [25/Jan/2020:13:07:40 +0530] "GET /WebApp/create-cookie HTTP/1.1" 200 51
0:0:0:0:0:0:0:1 - - [25/Jan/2020:13:09:14 +0530] "GET /WebApp/read-cookie HTTP/1.1" 200 101
127.0.0.1 - - [25/Jan/2020:13:20:08 +0530] "GET / HTTP/1.1" 404 1074
0:0:0:0:0:0:0:1 - - [25/Jan/2020:13:20:44 +0530] "GET /WebApp/delete-cookie HTTP/1.1" 200 55
0:0:0:0:0:0:0:1 - - [25/Jan/2020:13:49:04 +0530] "GET /WebApp/add-attr HTTP/1.1" 404 1093
127.0.0.1 - - [25/Jan/2020:13:49:14 +0530] "GET / HTTP/1.1" 404 1074
0:0:0:0:0:0:0:1 - - [25/Jan/2020:13:49:25 +0530] "GET /WebApp/add-attr HTTP/1.1" 404 1093
0:0:0:0:0:0:0:1 - - [25/Jan/2020:13:49:26 +0530] "GET /WebApp/add-attr HTTP/1.1" 404 1093
0:0:0:0:0:0:0:1 - - [25/Jan/2020:13:49:27 +0530] "GET /WebApp/add-attr HTTP/1.1" 404 1093
127.0.0.1 - - [25/Jan/2020:13:49:52 +0530] "GET / HTTP/1.1" 404 1074
0:0:0:0:0:0:0:1 - - [25/Jan/2020:13:49:59 +0530] "GET /WebApp/add-attr HTTP/1.1" 404 1093
127.0.0.1 - - [25/Jan/2020:13:51:14 +0530] "GET / HTTP/1.1" 404 1074
0:0:0:0:0:0:0:1 - - [25/Jan/2020:13:51:43 +0530] "GET /WebApp/add-attr HTTP/1.1" 200 66
0:0:0:0:0:0:0:1 - - [25/Jan/2020:13:55:02 +0530] "GET /WebApp/add-attr HTTP/1.1" 200 66
127.0.0.1 - - [25/Jan/2020:13:55:28 +0530] "GET / HTTP/1.1" 404 1074
0:0:0:0:0:0:0:1 - - [25/Jan/2020:13:55:34 +0530] "GET /WebApp/add-attr HTTP/1.1" 200 61
0:0:0:0:0:0:0:1 - - [25/Jan/2020:13:55:41 +0530] "GET /WebApp/get-attr HTTP/1.1" 200 45
127.0.0.1 - - [25/Jan/2020:14:13:54 +0530] "GET / HTTP/1.1" 404 1074
0:0:0:0:0:0:0:1 - - [25/Jan/2020:14:14:16 +0530] "GET /WebApp/add-get-attr HTTP/1.1" 404 1097
0:0:0:0:0:0:0:1 - - [25/Jan/2020:14:14:38 +0530] "GET /WebApp/add-app-attr HTTP/1.1" 200 57
0:0:0:0:0:0:0:1 - - [25/Jan/2020:14:14:50 +0530] "GET /WebApp/get-app-attr HTTP/1.1" 200 66
127.0.0.1 - - [25/Jan/2020:14:27:08 +0530] "GET / HTTP/1.1" 404 1074
0:0:0:0:0:0:0:1 - - [25/Jan/2020:14:27:26 +0530] "GET /WebApp/Login.html HTTP/1.1" 200 460
0:0:0:0:0:0:0:1 - - [25/Jan/2020:14:28:25 +0530] "GET /WebApp/Login.html HTTP/1.1" 200 491
127.0.0.1 - - [25/Jan/2020:14:39:30 +0530] "GET / HTTP/1.1" 404 1074
127.0.0.1 - - [25/Jan/2020:14:40:58 +0530] "GET / HTTP/1.1" 404 1074
0:0:0:0:0:0:0:1 - - [25/Jan/2020:14:41:17 +0530] "GET /WebApp/Login.html HTTP/1.1" 200 492
0:0:0:0:0:0:0:1 - - [25/Jan/2020:14:41:31 +0530] "POST /WebApp/login HTTP/1.1" 200 60
0:0:0:0:0:0:0:1 - - [25/Jan/2020:14:41:58 +0530] "GET /WebApp/Login.html HTTP/1.1" 304 -
0:0:0:0:0:0:0:1 - - [25/Jan/2020:14:42:36 +0530] "POST /WebApp/login HTTP/1.1" 200 58
127.0.0.1 - - [25/Jan/2020:15:06:24 +0530] "GET / HTTP/1.1" 404 1074
0:0:0:0:0:0:0:1 - - [25/Jan/2020:15:06:37 +0530] "POST /WebApp/login HTTP/1.1" 200 58
0:0:0:0:0:0:0:1 - - [25/Jan/2020:15:06:51 +0530] "POST /WebApp/login HTTP/1.1" 200 58
127.0.0.1 - - [25/Jan/2020:15:07:36 +0530] "GET / HTTP/1.1" 404 1074
0:0:0:0:0:0:0:1 - - [25/Jan/2020:15:08:14 +0530] "GET /WebApp/home HTTP/1.1" 200 54
0:0:0:0:0:0:0:1 - - [25/Jan/2020:15:08:21 +0530] "GET /WebApp/home HTTP/1.1" 200 54
127.0.0.1 - - [25/Jan/2020:15:08:54 +0530] "GET / HTTP/1.1" 404 1074
0:0:0:0:0:0:0:1 - - [25/Jan/2020:15:09:13 +0530] "GET /WebApp/home HTTP/1.1" 200 54
0:0:0:0:0:0:0:1 - - [25/Jan/2020:15:09:17 +0530] "GET /WebApp/home HTTP/1.1" 200 54
0:0:0:0:0:0:0:1 - - [25/Jan/2020:15:09:36 +0530] "GET /WebApp/home HTTP/1.1" 200 492
0:0:0:0:0:0:0:1 - - [25/Jan/2020:15:09:42 +0530] "GET /WebApp/home HTTP/1.1" 304 -
0:0:0:0:0:0:0:1 - - [25/Jan/2020:15:09:42 +0530] "GET /WebApp/home HTTP/1.1" 304 -
0:0:0:0:0:0:0:1 - - [25/Jan/2020:15:10:08 +0530] "POST /WebApp/login HTTP/1.1" 200 58
0:0:0:0:0:0:0:1 - - [25/Jan/2020:15:10:21 +0530] "GET /WebApp/home HTTP/1.1" 200 54
0:0:0:0:0:0:0:1 - - [25/Jan/2020:15:11:32 +0530] "GET /WebApp HTTP/1.1" 302 -
0:0:0:0:0:0:0:1 - - [25/Jan/2020:15:11:32 +0530] "GET /WebApp/ HTTP/1.1" 200 74
0:0:0:0:0:0:0:1 - - [25/Jan/2020:15:11:38 +0530] "GET /WebApp/home HTTP/1.1" 200 492
0:0:0:0:0:0:0:1 - - [25/Jan/2020:15:11:41 +0530] "GET /WebApp/home HTTP/1.1" 304 -
0:0:0:0:0:0:0:1 - - [25/Jan/2020:15:11:58 +0530] "GET /WebApp/login HTTP/1.1" 405 1116
0:0:0:0:0:0:0:1 - - [25/Jan/2020:15:12:21 +0530] "POST /WebApp/login HTTP/1.1" 200 58
0:0:0:0:0:0:0:1 - - [25/Jan/2020:15:12:34 +0530] "GET /WebApp/home HTTP/1.1" 200 54
0:0:0:0:0:0:0:1 - - [25/Jan/2020:15:23:47 +0530] "GET /WebApp/home HTTP/1.1" 200 83
0:0:0:0:0:0:0:1 - - [25/Jan/2020:15:23:49 +0530] "GET /WebApp/logout HTTP/1.1" 404 1091
127.0.0.1 - - [25/Jan/2020:15:27:06 +0530] "GET / HTTP/1.1" 404 1074
0:0:0:0:0:0:0:1 - - [25/Jan/2020:15:28:25 +0530] "GET /WebApp/logout HTTP/1.1" 200 492
