127.0.0.1 - - [24/Jan/2020:12:02:13 +0530] "GET / HTTP/1.1" 404 1074
0:0:0:0:0:0:0:1 - - [24/Jan/2020:12:09:03 +0530] "GET /WebApp/index.html HTTP/1.1" 200 74
0:0:0:0:0:0:0:1 - - [24/Jan/2020:12:11:22 +0530] "GET /WebApp/first HTTP/1.1" 200 77
0:0:0:0:0:0:0:1 - - [24/Jan/2020:12:27:52 +0530] "GET /WebApp/first HTTP/1.1" 200 77
0:0:0:0:0:0:0:1 - - [24/Jan/2020:12:27:52 +0530] "GET /favicon.ico HTTP/1.1" 404 1085
127.0.0.1 - - [24/Jan/2020:12:39:25 +0530] "GET / HTTP/1.1" 404 1074
0:0:0:0:0:0:0:1 - - [24/Jan/2020:12:39:39 +0530] "GET /WebApp/first HTTP/1.1" 200 77
0:0:0:0:0:0:0:1 - - [24/Jan/2020:12:40:13 +0530] "GET /WebApp/first HTTP/1.1" 200 77
127.0.0.1 - - [24/Jan/2020:12:42:13 +0530] "GET / HTTP/1.1" 404 1074
0:0:0:0:0:0:0:1 - - [24/Jan/2020:12:42:21 +0530] "GET /WebApp/first HTTP/1.1" 200 77
127.0.0.1 - - [24/Jan/2020:12:43:00 +0530] "GET / HTTP/1.1" 404 1074
0:0:0:0:0:0:0:1 - - [24/Jan/2020:12:43:06 +0530] "GET /WebApp/first HTTP/1.1" 200 77
127.0.0.1 - - [24/Jan/2020:15:20:34 +0530] "GET / HTTP/1.1" 404 1074
0:0:0:0:0:0:0:1 - - [24/Jan/2020:15:20:51 +0530] "GET /WebApp/index.html HTTP/1.1" 304 -
0:0:0:0:0:0:0:1 - - [24/Jan/2020:15:21:18 +0530] "GET /WebApp/first HTTP/1.1" 200 77
0:0:0:0:0:0:0:1 - - [24/Jan/2020:15:21:56 +0530] "GET /WebApp/query?name=prince HTTP/1.1" 200 61
127.0.0.1 - - [24/Jan/2020:15:25:36 +0530] "GET / HTTP/1.1" 404 1074
0:0:0:0:0:0:0:1 - - [24/Jan/2020:15:28:08 +0530] "GET /WebApp/query?name=prince%20&%20phno=9986565452 HTTP/1.1" 200 88
0:0:0:0:0:0:0:1 - - [24/Jan/2020:15:28:24 +0530] "GET /WebApp/query?name=prince%20&&0phno=9986565452 HTTP/1.1" 200 88
0:0:0:0:0:0:0:1 - - [24/Jan/2020:15:28:36 +0530] "GET /WebApp/query?name=prince&&phno=9986565452 HTTP/1.1" 200 93
0:0:0:0:0:0:0:1 - - [24/Jan/2020:15:31:48 +0530] "GET /WebApp/query?name=prince&&phno=9986565452 HTTP/1.1" 200 93
0:0:0:0:0:0:0:1 - - [24/Jan/2020:15:32:26 +0530] "GET /WebApp/query?name=prince HTTP/1.1" 200 87
0:0:0:0:0:0:0:1 - - [24/Jan/2020:15:59:51 +0530] "GET /WebApp/first HTTP/1.1" 200 77
0:0:0:0:0:0:0:1 - - [24/Jan/2020:15:59:59 +0530] "GET /WebApp/form.html HTTP/1.1" 404 1094
127.0.0.1 - - [24/Jan/2020:16:00:23 +0530] "GET / HTTP/1.1" 404 1074
0:0:0:0:0:0:0:1 - - [24/Jan/2020:16:00:30 +0530] "GET /WebApp/form.html HTTP/1.1" 404 1094
0:0:0:0:0:0:0:1 - - [24/Jan/2020:16:00:35 +0530] "GET /WebApp/form.html HTTP/1.1" 404 1094
0:0:0:0:0:0:0:1 - - [24/Jan/2020:16:00:36 +0530] "GET /WebApp/form.html HTTP/1.1" 404 1094
0:0:0:0:0:0:0:1 - - [24/Jan/2020:16:00:36 +0530] "GET /WebApp/form.html HTTP/1.1" 404 1094
0:0:0:0:0:0:0:1 - - [24/Jan/2020:16:00:37 +0530] "GET /WebApp/form.html HTTP/1.1" 404 1094
0:0:0:0:0:0:0:1 - - [24/Jan/2020:16:03:26 +0530] "GET /WebApp/form.html HTTP/1.1" 404 1094
0:0:0:0:0:0:0:1 - - [24/Jan/2020:16:03:40 +0530] "GET /WebApp/form.html HTTP/1.1" 404 1094
127.0.0.1 - - [24/Jan/2020:16:04:50 +0530] "GET / HTTP/1.1" 404 1074
0:0:0:0:0:0:0:1 - - [24/Jan/2020:16:05:00 +0530] "GET /WebApp/form.html HTTP/1.1" 404 1094
0:0:0:0:0:0:0:1 - - [24/Jan/2020:16:05:03 +0530] "GET /WebApp/form.html HTTP/1.1" 404 1094
0:0:0:0:0:0:0:1 - - [24/Jan/2020:16:05:19 +0530] "GET /WebApp/Form.html HTTP/1.1" 200 607
0:0:0:0:0:0:0:1 - - [24/Jan/2020:16:05:54 +0530] "GET /WebApp/Form.html HTTP/1.1" 200 601
0:0:0:0:0:0:0:1 - - [24/Jan/2020:16:06:02 +0530] "GET /WebApp/Form.html?name=Vinay+Mallesh&email=Princevinay404%40gmail.com&password=ahghaggjgajjgj&mobno=09986565452 HTTP/1.1" 200 601
127.0.0.1 - - [24/Jan/2020:16:17:50 +0530] "GET / HTTP/1.1" 404 1074
0:0:0:0:0:0:0:1 - - [24/Jan/2020:16:18:48 +0530] "GET /WebApp/Form.html HTTP/1.1" 200 607
0:0:0:0:0:0:0:1 - - [24/Jan/2020:16:30:40 +0530] "GET /WebApp/form?name=Vinay+Mallesh&email=Princevinay404%40gmail.com&password=ghggjgjghjgjgj&mobno=9986565452 HTTP/1.1" 405 1116
0:0:0:0:0:0:0:1 - - [24/Jan/2020:16:31:12 +0530] "GET /WebApp/form?name=Vinay+Mallesh&email=Princevinay404%40gmail.com&password=&mobno=9986565452 HTTP/1.1" 405 1116
127.0.0.1 - - [24/Jan/2020:16:31:30 +0530] "GET / HTTP/1.1" 404 1074
0:0:0:0:0:0:0:1 - - [24/Jan/2020:16:31:39 +0530] "GET /WebApp/form?name=Vinay+Mallesh&email=Princevinay404%40gmail.com&password=&mobno=9986565452 HTTP/1.1" 405 1116
127.0.0.1 - - [24/Jan/2020:17:01:42 +0530] "GET / HTTP/1.1" 404 1074
0:0:0:0:0:0:0:1 - - [24/Jan/2020:17:01:52 +0530] "GET /WebApp/form?name=Vinay+Mallesh&email=Princevinay404%40gmail.com&password=&mobno=9986565452 HTTP/1.1" 405 1116
0:0:0:0:0:0:0:1 - - [24/Jan/2020:17:01:57 +0530] "GET /WebApp/Form.html HTTP/1.1" 200 621
0:0:0:0:0:0:0:1 - - [24/Jan/2020:17:02:04 +0530] "POST /WebApp/form HTTP/1.1" 200 180
0:0:0:0:0:0:0:1 - - [24/Jan/2020:17:02:19 +0530] "POST /WebApp/form HTTP/1.1" 200 184
127.0.0.1 - - [24/Jan/2020:17:54:50 +0530] "GET / HTTP/1.1" 404 1074
0:0:0:0:0:0:0:1 - - [24/Jan/2020:17:55:09 +0530] "GET /WebApp/first HTTP/1.1" 200 77
0:0:0:0:0:0:0:1 - - [24/Jan/2020:17:55:27 +0530] "GET /WebApp/life-cycle HTTP/1.1" 405 1116
0:0:0:0:0:0:0:1 - - [24/Jan/2020:17:55:46 +0530] "GET /WebApp/life-cycle HTTP/1.1" 405 1116
0:0:0:0:0:0:0:1 - - [24/Jan/2020:17:56:59 +0530] "GET /WebApp/life-cycle HTTP/1.1" 405 1116
0:0:0:0:0:0:0:1 - - [24/Jan/2020:17:57:03 +0530] "GET /WebApp/life-cycle HTTP/1.1" 405 1116
127.0.0.1 - - [24/Jan/2020:17:58:20 +0530] "GET / HTTP/1.1" 404 1074
0:0:0:0:0:0:0:1 - - [24/Jan/2020:17:59:17 +0530] "GET /WebApp/life-cycle HTTP/1.1" 405 1116
0:0:0:0:0:0:0:1 - - [24/Jan/2020:17:59:19 +0530] "GET /WebApp/life-cycle HTTP/1.1" 405 1116
0:0:0:0:0:0:0:1 - - [24/Jan/2020:18:00:01 +0530] "GET /WebApp/life-cycle HTTP/1.1" 405 1116
0:0:0:0:0:0:0:1 - - [24/Jan/2020:18:00:02 +0530] "GET /WebApp/life-cycle HTTP/1.1" 405 1116
0:0:0:0:0:0:0:1 - - [24/Jan/2020:18:00:02 +0530] "GET /WebApp/life-cycle HTTP/1.1" 405 1116
127.0.0.1 - - [24/Jan/2020:18:00:17 +0530] "GET / HTTP/1.1" 404 1074
0:0:0:0:0:0:0:1 - - [24/Jan/2020:18:00:24 +0530] "GET /WebApp/life-cycle HTTP/1.1" 405 1116
0:0:0:0:0:0:0:1 - - [24/Jan/2020:18:00:26 +0530] "GET /WebApp/life-cycle HTTP/1.1" 405 1116
0:0:0:0:0:0:0:1 - - [24/Jan/2020:18:00:26 +0530] "GET /WebApp/life-cycle HTTP/1.1" 405 1116
0:0:0:0:0:0:0:1 - - [24/Jan/2020:18:00:34 +0530] "GET /WebApp/life-cycle HTTP/1.1" 405 1116
127.0.0.1 - - [24/Jan/2020:18:01:35 +0530] "GET / HTTP/1.1" 404 1074
0:0:0:0:0:0:0:1 - - [24/Jan/2020:18:01:42 +0530] "GET /WebApp/life-cycle HTTP/1.1" 405 1116
0:0:0:0:0:0:0:1 - - [24/Jan/2020:18:01:44 +0530] "GET /WebApp/life-cycle HTTP/1.1" 405 1116
0:0:0:0:0:0:0:1 - - [24/Jan/2020:18:01:44 +0530] "GET /WebApp/life-cycle HTTP/1.1" 405 1116
0:0:0:0:0:0:0:1 - - [24/Jan/2020:18:02:07 +0530] "GET /WebApp/life-cycle HTTP/1.1" 405 1116
127.0.0.1 - - [24/Jan/2020:18:02:35 +0530] "GET / HTTP/1.1" 404 1074
0:0:0:0:0:0:0:1 - - [24/Jan/2020:18:02:46 +0530] "GET /WebApp/lifecycle HTTP/1.1" 405 1116
0:0:0:0:0:0:0:1 - - [24/Jan/2020:18:02:51 +0530] "GET /WebApp/lifecycle HTTP/1.1" 405 1116
127.0.0.1 - - [24/Jan/2020:18:03:34 +0530] "GET / HTTP/1.1" 404 1074
0:0:0:0:0:0:0:1 - - [24/Jan/2020:18:03:41 +0530] "GET /WebApp/lifecycle HTTP/1.1" 200 44
0:0:0:0:0:0:0:1 - - [24/Jan/2020:18:03:56 +0530] "GET /WebApp/lifecycle HTTP/1.1" 200 44
0:0:0:0:0:0:0:1 - - [24/Jan/2020:18:03:57 +0530] "GET /WebApp/lifecycle HTTP/1.1" 200 44
0:0:0:0:0:0:0:1 - - [24/Jan/2020:18:03:58 +0530] "GET /WebApp/lifecycle HTTP/1.1" 200 44
0:0:0:0:0:0:0:1 - - [24/Jan/2020:18:03:58 +0530] "GET /WebApp/lifecycle HTTP/1.1" 200 44
0:0:0:0:0:0:0:1 - - [24/Jan/2020:18:05:27 +0530] "GET /WebApp/life-cycle HTTP/1.1" 200 48
